=== finance cron started 2026-07-10 06:32:23 UTC ===
watchlist: /home/pigo/Documents/Agent/finance-watchlist.json (31 tickers)
[1/4] Fetching quotes (US=stocksdk, TW=google)...
  [1/31] 2330:TPE (google) → TWD 2415.0
  [2/31] 2317:TPE (google) → TWD 237.5
  [3/31] 2303:TPE (google) → TWD 156.0
  [4/31] 2454:TPE (google) → TWD 3925.0
  [5/31] 2881:TPE (google) → TWD 124.5
  [6/31] 2882:TPE (google) → TWD 96.3
  [7/31] 2308:TPE (google) → TWD 1880.0
  [8/31] 2597:TPE (google) → TWD 168.5
  [9/31] 4104:TPE (google) → TWD 69.8
  [10/31] 2409:TPE (google) → TWD 31.45
  [11/31] 8131:TPE (google) → TWD 76.0
  [12/31] 2891:TPE (google) → TWD 71.7
  [13/31] 1303:TPE (google) → TWD 181.5
  [14/31] 2886:TPE (google) → TWD 46.7
  [15/31] 1723:TPE (google) → TWD 84.4
  [16/31] 2301:TPE (google) → TWD 213.5
  [17/31] 4533:TPE (google) → unavailable
  [18/31] 2002:TPE (google) → TWD 18.55
  [19/31] 2201:TPE (google) → TWD 28.45
  [20/31] AAPL:NASDAQ (stocksdk) → USD 316.22
  [21/31] MSFT:NASDAQ (stocksdk) → USD 384.36
  [22/31] GOOGL:NASDAQ (stocksdk) → USD 358.89
  [23/31] AMZN:NASDAQ (stocksdk) → USD 247.04
  [24/31] META:NASDAQ (stocksdk) → USD 631.48
  [25/31] NVDA:NASDAQ (stocksdk) → USD 202.78
  [26/31] TSLA:NASDAQ (stocksdk) → USD 406.55
  [27/31] NFLX:NASDAQ (stocksdk) → USD 75.47
  [28/31] ORCL:NYSE (stocksdk) → USD 144.22
  [29/31] PLTR:NYSE (stocksdk) → USD 129.04
  [30/31] TSM:NYSE (stocksdk) → USD 436.96
  [31/31] LITE:NASDAQ (stocksdk) → USD 785.77
  ✓ 30/31 quotes OK
[2/4] Running reviewer-finance (with K-line check)...
Traceback (most recent call last):
  File "/home/pigo/.openclaw/workspace/skills/reviewer-finance/scripts/review_report.py", line 669, in <module>
    main()
  File "/home/pigo/.openclaw/workspace/skills/reviewer-finance/scripts/review_report.py", line 629, in main
    verdict = review(report_path, loop_state_path, enable_kline=args.enable_kline)
              ^^^^^^^^^^^^^^^^^^^^^^^^^^^^^^^^^^^^^^^^^^^^^^^^^^^^^^^^^^^^^^^^^^^^
  File "/home/pigo/.openclaw/workspace/skills/reviewer-finance/scripts/review_report.py", line 376, in review
    "message": f"Status = '{status}' (預期 'ok'), error: {entry.get('error', 'N/A')[:100]}"
                                                          ~~~~~~~~~~~~~~~~~~~~~~~~~^^^^^^
TypeError: 'NoneType' object is not subscriptable
  ⚠️ Reviewer exited non-zero (continuing, will surface in verdict)
[3/4] Writing summary to vault 00-Inbox/...
Traceback (most recent call last):
  File "/home/pigo/Documents/Agent/scripts-finance/render-summary.py", line 101, in <module>
    main()
  File "/home/pigo/Documents/Agent/scripts-finance/render-summary.py", line 23, in main
    review = json.load(open(review_path)) if review_path.exists() else None
                       ^^^^^^^^^^^^^^^^^
IsADirectoryError: [Errno 21] Is a directory: '.'
  ⚠️ Summary render failed (continuing)
[4/4] Committing to vault...
[main 2d8ac537] finance-cron: 2026-07-10 stock quotes (31 tickers, stock-sdk)
 1 file changed, 48 insertions(+)
 create mode 100644 00-Inbox/2026-07-10_finance-cron-summary.md
目前分支 main 是最新的。
To github.com:Pigowenhsiao/Pigo_Obsidian.git
   b3cb603f..2d8ac537  main -> main
  ✓ Pushed to vault
=== finance cron completed ===
