=== finance cron started 2026-07-10 06:24:17 UTC ===
watchlist: /home/pigo/Documents/Agent/finance-watchlist.json (31 tickers)
[1/4] Fetching quotes via stock-sdk...
[1/31] 2330:TPE (stocksdk)...
  ✗ unavailable: ticker not in stocksdk response (may not exist or unsupported market)
[2/31] 2317:TPE (stocksdk)...
  ✗ unavailable: ticker not in stocksdk response (may not exist or unsupported market)
[3/31] 2303:TPE (stocksdk)...
  ✗ unavailable: ticker not in stocksdk response (may not exist or unsupported market)
[4/31] 2454:TPE (stocksdk)...
  ✗ unavailable: ticker not in stocksdk response (may not exist or unsupported market)
[5/31] 2881:TPE (stocksdk)...
  ✗ unavailable: ticker not in stocksdk response (may not exist or unsupported market)
[6/31] 2882:TPE (stocksdk)...
  ✗ unavailable: ticker not in stocksdk response (may not exist or unsupported market)
[7/31] 2308:TPE (stocksdk)...
  ✗ unavailable: ticker not in stocksdk response (may not exist or unsupported market)
[8/31] 2597:TPE (stocksdk)...
  ✗ unavailable: ticker not in stocksdk response (may not exist or unsupported market)
[9/31] 4104:TPE (stocksdk)...
  ✗ unavailable: ticker not in stocksdk response (may not exist or unsupported market)
[10/31] 2409:TPE (stocksdk)...
  ✗ unavailable: ticker not in stocksdk response (may not exist or unsupported market)
[11/31] 8131:TPE (stocksdk)...
  ✗ unavailable: ticker not in stocksdk response (may not exist or unsupported market)
[12/31] 2891:TPE (stocksdk)...
  ✗ unavailable: ticker not in stocksdk response (may not exist or unsupported market)
[13/31] 1303:TPE (stocksdk)...
  ✗ unavailable: ticker not in stocksdk response (may not exist or unsupported market)
[14/31] 2886:TPE (stocksdk)...
  ✗ unavailable: ticker not in stocksdk response (may not exist or unsupported market)
[15/31] 1723:TPE (stocksdk)...
  ✗ unavailable: ticker not in stocksdk response (may not exist or unsupported market)
[16/31] 2301:TPE (stocksdk)...
  ✗ unavailable: ticker not in stocksdk response (may not exist or unsupported market)
[17/31] 4533:TPE (stocksdk)...
  ✗ unavailable: ticker not in stocksdk response (may not exist or unsupported market)
[18/31] 2002:TPE (stocksdk)...
  ✗ unavailable: ticker not in stocksdk response (may not exist or unsupported market)
[19/31] 2201:TPE (stocksdk)...
  ✗ unavailable: ticker not in stocksdk response (may not exist or unsupported market)
[20/31] AAPL:NASDAQ (stocksdk)...
  ✓ USD 316.22 (0.9%, source=stocksdk)
[21/31] MSFT:NASDAQ (stocksdk)...
  ✓ USD 384.36 (0.27%, source=stocksdk)
[22/31] GOOGL:NASDAQ (stocksdk)...
  ✓ USD 358.89 (-0.84%, source=stocksdk)
[23/31] AMZN:NASDAQ (stocksdk)...
  ✓ USD 247.04 (1.4%, source=stocksdk)
[24/31] META:NASDAQ (stocksdk)...
  ✓ USD 631.48 (4.7%, source=stocksdk)
[25/31] NVDA:NASDAQ (stocksdk)...
  ✓ USD 202.78 (-0.66%, source=stocksdk)
[26/31] TSLA:NASDAQ (stocksdk)...
  ✓ USD 406.55 (3.17%, source=stocksdk)
[27/31] NFLX:NASDAQ (stocksdk)...
  ✓ USD 75.47 (-0.16%, source=stocksdk)
[28/31] ORCL:NYSE (stocksdk)...
  ✓ USD 144.22 (2.65%, source=stocksdk)
[29/31] PLTR:NYSE (stocksdk)...
  ✓ USD 129.04 (-2.41%, source=stocksdk)
[30/31] TSM:NYSE (stocksdk)...
  ✓ USD 436.96 (0%, source=stocksdk)
[31/31] LITE:NASDAQ (stocksdk)...
  ✓ USD 785.77 (11.13%, source=stocksdk)
  ✓ 12/31 quotes OK
[2/4] Running reviewer-finance (with K-line check)...
✅ Review verdict: FAIL (score=0)
   MD:  /home/pigo/Documents/Agent/finance-reports/finance-20260710-062417-review.md
   JSON: /home/pigo/Documents/Agent/finance-reports/finance-20260710-062417-review.json
   OK=12 SUSPECT=0 ERROR=19
   Criteria: 4/8 PASS, 4 FAIL, loop_write_allowed=False
     ✅ C1: 覆蓋率 31/31 — total=31/31 (ok=12, suspect=0, error=19)
     ✅ C2: 帶寬合規 (0 SUSPECT) — 0 ticker(s) out of band: []
     ❌ C3: Baseline 可比 — 7 missing: ['LITE', '2330', 'NVDA', 'TSM', 'PLTR', 'ORCL', '2454']
     ✅ C4: 產出檔案 — report_exists=True json_exists=True (this criterion is enforced by write_report.py, not here)
     ❌ C5: 異常告警 — findings count=28, alert note exists=False
     ❌ C6: 狀態更新 (LOOP-STATE) — 「當前市場線索」段含今天日期=False
     ✅ C7: Baseline 完備 — new_tickers count=0 (heuristic; LOOP-STATE updated today=False)
     ❌ C8: 錯誤率上限 (ERROR ≤ 2) — error_count=19 threshold=2
  ⚠️ Reviewer exited non-zero (continuing, will surface in verdict)
[3/4] Writing summary to vault 00-Inbox/...
  ✓ Wrote /home/pigo/Documents/Pigo_Obsidian/00-Inbox/2026-07-10_finance-cron-summary.md
[4/4] Committing to vault...
  [DRY-RUN] Skipping git commit
=== finance cron completed ===
