=== finance cron started 2026-09-01 21:02:09 UTC ===
watchlist: /home/pigo/Documents/Agent/finance-watchlist.json (31 tickers)
[1/4] Fetching quotes (US=stocksdk, TW=google)...
  [1/31] 2330:TPE (google)
    -> TWD 2440.0 (ok)
  [2/31] 2317:TPE (google)
    -> TWD 256.0 (ok)
  [3/31] 2303:TPE (google)
    -> TWD 132.5 (ok)
  [4/31] 2454:TPE (google)
    -> TWD 4315.0 (ok)
  [5/31] 2881:TPE (google)
    -> TWD 145.0 (ok)
  [6/31] 2882:TPE (google)
    -> TWD 111.0 (ok)
  [7/31] 2308:TPE (google)
    -> TWD 1865.0 (ok)
  [8/31] 2597:TPE (google)
    -> TWD 170.5 (ok)
  [9/31] 4104:TPE (google)
    -> TWD 71.1 (ok)
  [10/31] 2409:TPE (google)
    -> TWD 26.4 (ok)
  [11/31] 8131:TPE (google)
    -> TWD 63.5 (ok)
  [12/31] 2891:TPE (google)
    -> TWD 66.5 (ok)
  [13/31] 1303:TPE (google)
    -> TWD 242.5 (ok)
  [14/31] 2886:TPE (google)
    -> TWD 48.5 (ok)
  [15/31] 1723:TPE (google)
    -> TWD 85.6 (ok)
  [16/31] 2301:TPE (google)
    -> TWD 300.5 (ok)
  [17/31] 4533:TPE (google)
    -> TWD 108.45 (ok)
  [18/31] 2002:TPE (google)
    -> TWD 19.05 (ok)
  [19/31] 2201:TPE (google)
    -> TWD 31.5 (ok)
  [20/31] AAPL:NASDAQ (stocksdk)
    -> USD 325.13 (ok)
  [21/31] MSFT:NASDAQ (stocksdk)
    -> USD 501.02 (ok)
  [22/31] GOOGL:NASDAQ (stocksdk)
    -> USD 335.02 (ok)
  [23/31] AMZN:NASDAQ (stocksdk)
    -> USD 254.92 (ok)
  [24/31] META:NASDAQ (stocksdk)
    -> USD 578.54 (ok)
  [25/31] NVDA:NASDAQ (stocksdk)
    -> USD 217.44 (ok)
  [26/31] TSLA:NASDAQ (stocksdk)
    -> USD 356.09 (ok)
  [27/31] NFLX:NASDAQ (stocksdk)
    -> USD 80.81 (ok)
  [28/31] ORCL:NYSE (stocksdk)
    -> USD 141.32 (ok)
  [29/31] PLTR:NYSE (stocksdk)
    -> USD 179.92 (ok)
  [30/31] TSM:NYSE (stocksdk)
    -> USD 414 (ok)
  [31/31] LITE:NASDAQ (stocksdk)
    -> USD 868.95 (ok)

  OK_COUNT=31
  TOTAL_COUNT=31

  OK: 31/31 quotes OK
  OK: 31/31 quotes OK
[2/4] Running reviewer-finance (with K-line check)...
✅ Review verdict: FAIL (score=0)
   MD:  /home/pigo/Documents/Agent/finance-reports/finance-20260901-210209-review.md
   JSON: /home/pigo/Documents/Agent/finance-reports/finance-20260901-210209-review.json
   OK=0 SUSPECT=0 ERROR=0
  Review verdict: FAIL (score=0)
  OK=0 SUSPECT=0 ERROR=0
[3/4] Writing summary to vault 00-Inbox/...
/home/pigo/Documents/Agent/scripts-finance/run-finance-cron.sh: command substitution: 列 139: 未預期的字組「(」附近有語法錯誤
/home/pigo/Documents/Agent/scripts-finance/run-finance-cron.sh: command substitution: 列 139: `        lines.append(f"{t}: {c} {p} ({ch:+.2f}%)")'
Wrote /home/pigo/Documents/Pigo_Obsidian/00-Inbox/test.md (39 lines)
Wrote /home/pigo/Documents/Pigo_Obsidian/00-Inbox/2026-09-01_finance-cron-summary.md
[4/4] Committing to vault...
位於分支 main
您的分支與上游分支 'origin/main' 一致。

未追蹤的檔案:
  （使用 "git add <檔案>..." 以包含要提交的內容）
	00-Inbox/test.md

提交為空，但是存在尚未追蹤的檔案（使用 "git add" 建立追蹤）
Everything up-to-date
  Pushed to vault

=== finance cron completed ===
finance-cron: 0/31 ticker OK, score=0/100
