=== finance cron started 2026-08-21 21:02:11 UTC ===
watchlist: /home/pigo/Documents/Agent/finance-watchlist.json (31 tickers)
[1/4] Fetching quotes (US=stocksdk, TW=google)...
  [1/31] 2330:TPE (google) → TWD 2410.0
  [2/31] 2317:TPE (google) → TWD 245.5
  [3/31] 2303:TPE (google) → TWD 116.5
  [4/31] 2454:TPE (google) → TWD 3790.0
  [5/31] 2881:TPE (google) → TWD 134.0
  [6/31] 2882:TPE (google) → TWD 100.5
  [7/31] 2308:TPE (google) → TWD 1750.0
  [8/31] 2597:TPE (google) → TWD 169.5
  [9/31] 4104:TPE (google) → TWD 71.7
  [10/31] 2409:TPE (google) → TWD 25.6
  [11/31] 8131:TPE (google) → TWD 62.4
  [12/31] 2891:TPE (google) → TWD 65.0
  [13/31] 1303:TPE (google) → TWD 192.0
  [14/31] 2886:TPE (google) → TWD 46.95
  [15/31] 1723:TPE (google) → TWD 88.3
  [16/31] 2301:TPE (google) → TWD 261.0
  [17/31] 4533:TPE (google) → TWD 104.65
  [18/31] 2002:TPE (google) → TWD 19.45
  [19/31] 2201:TPE (google) → TWD 29.3
  [20/31] AAPL:NASDAQ (stocksdk) → USD 309.35
  [21/31] MSFT:NASDAQ (stocksdk) → USD 483.24
  [22/31] GOOGL:NASDAQ (stocksdk) → USD 344.82
  [23/31] AMZN:NASDAQ (stocksdk) → USD 258.63
  [24/31] META:NASDAQ (stocksdk) → USD 549.9
  [25/31] NVDA:NASDAQ (stocksdk) → USD 214.72
  [26/31] TSLA:NASDAQ (stocksdk) → USD 362.86
  [27/31] NFLX:NASDAQ (stocksdk) → USD 79.59
  [28/31] ORCL:NYSE (stocksdk) → USD 146.47
  [29/31] PLTR:NYSE (stocksdk) → USD 179.94
  [30/31] TSM:NYSE (stocksdk) → USD 418.95
  [31/31] LITE:NASDAQ (stocksdk) → USD 866.71
  ✓ 31/31 quotes OK
[2/4] Running reviewer-finance (with K-line check)...
✅ Review verdict: FAIL (score=100)
   MD:  /home/pigo/Documents/Agent/finance-reports/finance-20260821-210211-review.md
   JSON: /home/pigo/Documents/Agent/finance-reports/finance-20260821-210211-review.json
   OK=31 SUSPECT=0 ERROR=0
   Criteria: 5/8 PASS, 3 FAIL, loop_write_allowed=False
     ✅ C1: 覆蓋率 31/31 — total=31/31 (ok=31, suspect=0, error=0)
     ✅ C2: 帶寬合規 (0 SUSPECT) — 0 ticker(s) out of band: []
     ❌ C3: Baseline 可比 — 7 missing: ['LITE', '2330', 'NVDA', 'TSM', 'PLTR', 'ORCL', '2454']
     ✅ C4: 產出檔案 — report_exists=True json_exists=True (this criterion is enforced by write_report.py, not here)
     ❌ C5: 異常告警 — findings count=10, alert note exists=False
     ❌ C6: 狀態更新 (LOOP-STATE) — 「當前市場線索」段含今天日期=False
     ✅ C7: Baseline 完備 — new_tickers count=0 (heuristic; LOOP-STATE updated today=False)
     ✅ C8: 錯誤率上限 (ERROR ≤ 2) — error_count=0 threshold=2
  ⚠️ Reviewer exited non-zero (continuing, will surface in verdict)
[3/4] Writing summary to vault 00-Inbox/...
Wrote /home/pigo/Documents/Pigo_Obsidian/00-Inbox/2026-08-21_finance-cron-summary.md (81 lines)
[4/4] Committing to vault...
[main a1c0108c2] finance-cron: 2026-08-21 stock quotes (31 tickers, stock-sdk)
 1 file changed, 81 insertions(+)
 create mode 100644 00-Inbox/2026-08-21_finance-cron-summary.md
From github.com:Pigowenhsiao/Pigo_Obsidian
   4296b18fa..3ab541367  master     -> origin/master
Current branch main is up to date.
To github.com:Pigowenhsiao/Pigo_Obsidian.git
   983fcc88f..a1c0108c2  main -> main
  ✓ Pushed to vault
=== finance cron completed ===
