=== finance cron started 2026-07-10 06:35:34 UTC ===
watchlist: /home/pigo/Documents/Agent/finance-watchlist.json (31 tickers)
[1/4] Fetching quotes (US=stocksdk, TW=google)...
  [1/31] 2330:TPE (google) → TWD 2415.0
  [2/31] 2317:TPE (google) → TWD 237.5
  [3/31] 2303:TPE (google) → TWD 156.0
  [4/31] 2454:TPE (google) → TWD 3925.0
  [5/31] 2881:TPE (google) → TWD 124.5
  [6/31] 2882:TPE (google) → TWD 96.3
  [7/31] 2308:TPE (google) → TWD 1880.0
  [8/31] 2597:TPE (google) → TWD 168.5
  [9/31] 4104:TPE (google) → TWD 69.8
  [10/31] 2409:TPE (google) → TWD 31.45
  [11/31] 8131:TPE (google) → TWD 76.0
  [12/31] 2891:TPE (google) → TWD 71.7
  [13/31] 1303:TPE (google) → TWD 181.5
  [14/31] 2886:TPE (google) → TWD 46.7
  [15/31] 1723:TPE (google) → TWD 84.4
  [16/31] 2301:TPE (google) → TWD 213.5
  [17/31] 4533:TPE (google) → unavailable
  [18/31] 2002:TPE (google) → TWD 18.55
  [19/31] 2201:TPE (google) → TWD 28.45
  [20/31] AAPL:NASDAQ (stocksdk) → USD 316.22
  [21/31] MSFT:NASDAQ (stocksdk) → USD 384.36
  [22/31] GOOGL:NASDAQ (stocksdk) → USD 358.89
  [23/31] AMZN:NASDAQ (stocksdk) → USD 247.04
  [24/31] META:NASDAQ (stocksdk) → USD 631.48
  [25/31] NVDA:NASDAQ (stocksdk) → USD 202.78
  [26/31] TSLA:NASDAQ (stocksdk) → USD 406.55
  [27/31] NFLX:NASDAQ (stocksdk) → USD 75.47
  [28/31] ORCL:NYSE (stocksdk) → USD 144.22
  [29/31] PLTR:NYSE (stocksdk) → USD 129.04
  [30/31] TSM:NYSE (stocksdk) → USD 436.96
  [31/31] LITE:NASDAQ (stocksdk) → USD 785.77
  ✓ 30/31 quotes OK
[2/4] Running reviewer-finance (with K-line check)...
Traceback (most recent call last):
  File "/home/pigo/.openclaw/workspace/skills/reviewer-finance/scripts/review_report.py", line 669, in <module>
    main()
  File "/home/pigo/.openclaw/workspace/skills/reviewer-finance/scripts/review_report.py", line 629, in main
    verdict = review(report_path, loop_state_path, enable_kline=args.enable_kline)
              ^^^^^^^^^^^^^^^^^^^^^^^^^^^^^^^^^^^^^^^^^^^^^^^^^^^^^^^^^^^^^^^^^^^^
  File "/home/pigo/.openclaw/workspace/skills/reviewer-finance/scripts/review_report.py", line 376, in review
    "message": f"Status = '{status}' (預期 'ok'), error: {entry.get('error', 'N/A')[:100]}"
                                                          ~~~~~~~~~~~~~~~~~~~~~~~~~^^^^^^
TypeError: 'NoneType' object is not subscriptable
  ⚠️ Reviewer exited non-zero (continuing, will surface in verdict)
[3/4] Writing summary to vault 00-Inbox/...
Wrote /home/pigo/Documents/Pigo_Obsidian/00-Inbox/2026-07-10_finance-cron-summary.md (59 lines)
[4/4] Committing to vault...
[main cfded02e] finance-cron: 2026-07-10 stock quotes (31 tickers, stock-sdk)
 1 file changed, 59 insertions(+)
 create mode 100644 00-Inbox/2026-07-10_finance-cron-summary.md
正在重定基底 (1/1)自動合併 00-Inbox/2026-07-10_finance-cron-summary.md
衝突（新增/新增）：合併衝突於 00-Inbox/2026-07-10_finance-cron-summary.md
error: 無法套用 cfded02e... finance-cron: 2026-07-10 stock quotes (31 tickers, stock-sdk)
提示：Resolve all conflicts manually, mark them as resolved with
提示："git add/rm <conflicted_files>", then run "git rebase --continue".
提示：You can instead skip this commit: run "git rebase --skip".
提示：To abort and get back to the state before "git rebase", run "git rebase --abort".
無法套用 cfded02e... finance-cron: 2026-07-10 stock quotes (31 tickers, stock-sdk)
fatal: 您目前不在一個分支上。
現在為推送目前（分離開頭指標）的歷史，使用

    git push origin HEAD:<遠端分支名字>

  ⚠️ Push failed (rc=128); commit retained locally
=== finance cron completed ===
