=== finance cron started 2026-09-01 21:05:10 UTC ===
watchlist: /home/pigo/Documents/Agent/finance-watchlist.json (31 tickers)
fetch_json: /home/pigo/Documents/Agent/finance-reports/finance-20260901-210510.json
vault_note: /home/pigo/Documents/Pigo_Obsidian/00-Inbox/2026-09-01_finance-cron-summary.md

[1/4] Fetching quotes (US=stocksdk, TW=google)...
  [1/31] 2330:TPE (google)
    -> TWD 2440.0 (ok)
  [2/31] 2317:TPE (google)
    -> TWD 256.0 (ok)
  [3/31] 2303:TPE (google)
    -> TWD 132.5 (ok)
  [4/31] 2454:TPE (google)
    -> TWD 4315.0 (ok)
  [5/31] 2881:TPE (google)
    -> TWD 145.0 (ok)
  [6/31] 2882:TPE (google)
    -> TWD 111.0 (ok)
  [7/31] 2308:TPE (google)
    -> TWD 1865.0 (ok)
  [8/31] 2597:TPE (google)
    -> TWD 170.5 (ok)
  [9/31] 4104:TPE (google)
    -> TWD 71.1 (ok)
  [10/31] 2409:TPE (google)
    -> TWD 26.4 (ok)
  [11/31] 8131:TPE (google)
    -> TWD 63.5 (ok)
  [12/31] 2891:TPE (google)
    -> TWD 66.5 (ok)
  [13/31] 1303:TPE (google)
    -> TWD 242.5 (ok)
  [14/31] 2886:TPE (google)
    -> TWD 48.5 (ok)
  [15/31] 1723:TPE (google)
    -> TWD 85.6 (ok)
  [16/31] 2301:TPE (google)
    -> TWD 300.5 (ok)
  [17/31] 4533:TPE (google)
    -> TWD 108.45 (ok)
  [18/31] 2002:TPE (google)
    -> TWD 19.05 (ok)
  [19/31] 2201:TPE (google)
    -> TWD 31.5 (ok)
  [20/31] AAPL:NASDAQ (stocksdk)
    -> USD 325.13 (ok)
  [21/31] MSFT:NASDAQ (stocksdk)
    -> USD 501.02 (ok)
  [22/31] GOOGL:NASDAQ (stocksdk)
    -> USD 335.02 (ok)
  [23/31] AMZN:NASDAQ (stocksdk)
    -> USD 254.92 (ok)
  [24/31] META:NASDAQ (stocksdk)
    -> USD 578.54 (ok)
  [25/31] NVDA:NASDAQ (stocksdk)
    -> USD 217.44 (ok)
  [26/31] TSLA:NASDAQ (stocksdk)
    -> USD 356.09 (ok)
  [27/31] NFLX:NASDAQ (stocksdk)
    -> USD 80.81 (ok)
  [28/31] ORCL:NYSE (stocksdk)
    -> USD 141.32 (ok)
  [29/31] PLTR:NYSE (stocksdk)
    -> USD 179.92 (ok)
  [30/31] TSM:NYSE (stocksdk)
    -> USD 414 (ok)
  [31/31] LITE:NASDAQ (stocksdk)
    -> USD 868.95 (ok)

  OK_COUNT=31
  TOTAL_COUNT=31

  OK: 31/31 quotes OK
  Fetch wrote to /home/pigo/Documents/Agent/finance-reports/finance-20260901-210510.json
  OK: 31/31 quotes OK

[2/4] Running reviewer-finance (with K-line check)...
✅ Review verdict: FAIL (score=0)
   MD:  /home/pigo/Documents/Agent/finance-reports/finance-20260901-210510-review.md
   JSON: /home/pigo/Documents/Agent/finance-reports/finance-20260901-210510-review.json
   OK=31 SUSPECT=34 ERROR=0
   Criteria: 5/8 PASS, 3 FAIL, loop_write_allowed=False
     ✅ C1: 覆蓋率 31/31 — total=31/31 (ok=31, suspect=34, error=0)
     ❌ C2: 帶寬合規 (0 SUSPECT) — 1 ticker(s) out of band: ['1303']
     ✅ C3: Baseline 可比 — all 7 tickers have baseline
     ✅ C4: 產出檔案 — report_exists=True json_exists=True (this criterion is enforced by write_report.py, not here)
     ❌ C5: 異常告警 — findings count=45, alert note exists=False
     ❌ C6: 狀態更新 (LOOP-STATE) — 「當前市場線索」段含今天日期=False
     ✅ C7: Baseline 完備 — new_tickers count=0 (heuristic; LOOP-STATE updated today=False)
     ✅ C8: 錯誤率上限 (ERROR ≤ 2) — error_count=0 threshold=2
  Review verdict: FAIL (score=0)
  OK=31 SUSPECT=34 ERROR=0

[3/4] Writing summary to vault 00-Inbox/...
Wrote /home/pigo/Documents/Pigo_Obsidian/00-Inbox/2026-09-01_finance-cron-summary.md (71 lines)
  Vault note: /home/pigo/Documents/Pigo_Obsidian/00-Inbox/2026-09-01_finance-cron-summary.md

[4/4] Committing to vault...
[main f01e49a6f] finance-cron: 2026-09-01 stock quotes (31/31 tickers, score=0)
 1 file changed, 71 insertions(+)
 create mode 100644 00-Inbox/2026-09-01_finance-cron-summary.md
To github.com:Pigowenhsiao/Pigo_Obsidian.git
   73e79afe1..f01e49a6f  main -> main
  Pushed to vault

=== finance cron completed ===
finance-cron: 31/31 ticker OK, score=0/100
