=== finance cron started 2026-08-18 21:02:14 UTC ===
watchlist: /home/pigo/Documents/Agent/finance-watchlist.json (31 tickers)
[1/4] Fetching quotes (US=stocksdk, TW=google)...
  [1/31] 2330:TPE (google) → TWD 2380.0
  [2/31] 2317:TPE (google) → TWD 249.0
  [3/31] 2303:TPE (google) → TWD 119.0
  [4/31] 2454:TPE (google) → TWD 3885.0
  [5/31] 2881:TPE (google) → TWD 129.5
  [6/31] 2882:TPE (google) → TWD 99.2
  [7/31] 2308:TPE (google) → TWD 1820.0
  [8/31] 2597:TPE (google) → TWD 165.5
  [9/31] 4104:TPE (google) → TWD 71.5
  [10/31] 2409:TPE (google) → TWD 26.35
  [11/31] 8131:TPE (google) → TWD 64.0
  [12/31] 2891:TPE (google) → TWD 66.5
  [13/31] 1303:TPE (google) → TWD 200.0
  [14/31] 2886:TPE (google) → TWD 46.9
  [15/31] 1723:TPE (google) → TWD 86.4
  [16/31] 2301:TPE (google) → TWD 273.5
  [17/31] 4533:TPE (google) → TWD 104.9
  [18/31] 2002:TPE (google) → TWD 18.95
  [19/31] 2201:TPE (google) → TWD 28.25
  [20/31] AAPL:NASDAQ (stocksdk) → USD 310.03
  [21/31] MSFT:NASDAQ (stocksdk) → USD 481.63
  [22/31] GOOGL:NASDAQ (stocksdk) → USD 344.2
  [23/31] AMZN:NASDAQ (stocksdk) → USD 259.45
  [24/31] META:NASDAQ (stocksdk) → USD 543.67
  [25/31] NVDA:NASDAQ (stocksdk) → USD 219.74
  [26/31] TSLA:NASDAQ (stocksdk) → USD 336.87
  [27/31] NFLX:NASDAQ (stocksdk) → USD 77.77
  [28/31] ORCL:NYSE (stocksdk) → USD 142.79
  [29/31] PLTR:NYSE (stocksdk) → USD 171.54
  [30/31] TSM:NYSE (stocksdk) → USD 413.41
  [31/31] LITE:NASDAQ (stocksdk) → USD 873.31
  ✓ 31/31 quotes OK
[2/4] Running reviewer-finance (with K-line check)...
  ⚠️ Reviewer exited non-zero (continuing, will surface in verdict)
[3/4] Writing summary to vault 00-Inbox/...
Wrote /home/pigo/Documents/Pigo_Obsidian/00-Inbox/2026-08-18_finance-cron-summary.md (59 lines)
[4/4] Committing to vault...
[main e1da9ec0f] finance-cron: 2026-08-18 stock quotes (31 tickers, stock-sdk)
 1 file changed, 59 insertions(+)
 create mode 100644 00-Inbox/2026-08-18_finance-cron-summary.md
From github.com:Pigowenhsiao/Pigo_Obsidian
   25baefad1..e23b5f4c1  main       -> origin/main
   98d7d22d2..da6f4f8d5  master     -> origin/master
Rebasing (1/1)CONFLICT (file location): 00-Inbox/2026-08-18_finance-cron-summary.md added in e1da9ec0f (finance-cron: 2026-08-18 stock quotes (31 tickers, stock-sdk)) inside a directory that was renamed in HEAD, suggesting it should perhaps be moved to 07-Daily/2026-08-18_finance-cron-summary.md.
error: could not apply e1da9ec0f... finance-cron: 2026-08-18 stock quotes (31 tickers, stock-sdk)
hint: Resolve all conflicts manually, mark them as resolved with
hint: "git add/rm <conflicted_files>", then run "git rebase --continue".
hint: You can instead skip this commit: run "git rebase --skip".
hint: To abort and get back to the state before "git rebase", run "git rebase --abort".
Could not apply e1da9ec0f... finance-cron: 2026-08-18 stock quotes (31 tickers, stock-sdk)
fatal: You are not currently on a branch.
To push the history leading to the current (detached HEAD)
state now, use

    git push origin HEAD:<name-of-remote-branch>

  ⚠️ Push failed (rc=128); commit retained locally
=== finance cron completed ===
