=== finance cron started 2026-08-05 21:02:10 UTC ===
watchlist: /home/pigo/Documents/Agent/finance-watchlist.json (31 tickers)
[1/4] Fetching quotes (US=stocksdk, TW=google)...
  [1/31] 2330:TPE (google) → TWD 2405.0
  [2/31] 2317:TPE (google) → TWD 258.5
  [3/31] 2303:TPE (google) → TWD 122.0
  [4/31] 2454:TPE (google) → TWD 4000.0
  [5/31] 2881:TPE (google) → TWD 129.5
  [6/31] 2882:TPE (google) → TWD 100.5
  [7/31] 2308:TPE (google) → TWD 1650.0
  [8/31] 2597:TPE (google) → TWD 163.5
  [9/31] 4104:TPE (google) → TWD 69.7
  [10/31] 2409:TPE (google) → TWD 24.45
  [11/31] 8131:TPE (google) → TWD 66.0
  [12/31] 2891:TPE (google) → TWD 66.0
  [13/31] 1303:TPE (google) → TWD 177.0
  [14/31] 2886:TPE (google) → TWD 51.2
  [15/31] 1723:TPE (google) → TWD 83.7
  [16/31] 2301:TPE (google) → TWD 249.0
  [17/31] 4533:TPE (google) → unavailable
  [18/31] 2002:TPE (google) → TWD 18.9
  [19/31] 2201:TPE (google) → TWD 27.35
  [20/31] AAPL:NASDAQ (stocksdk) → USD 311
  [21/31] MSFT:NASDAQ (stocksdk) → USD 487.46
  [22/31] GOOGL:NASDAQ (stocksdk) → USD 362.43
  [23/31] AMZN:NASDAQ (stocksdk) → USD 272.65
  [24/31] META:NASDAQ (stocksdk) → USD 588.77
  [25/31] NVDA:NASDAQ (stocksdk) → USD 219.22
  [26/31] TSLA:NASDAQ (stocksdk) → USD 321.55
  [27/31] NFLX:NASDAQ (stocksdk) → USD 74.2
  [28/31] ORCL:NYSE (stocksdk) → USD 144.39
  [29/31] PLTR:NYSE (stocksdk) → USD 158.43
  [30/31] TSM:NYSE (stocksdk) → USD 414
  [31/31] LITE:NASDAQ (stocksdk) → USD 826.26
  ✓ 30/31 quotes OK
[2/4] Running reviewer-finance (with K-line check)...
✅ Review verdict: FAIL (score=85)
   MD:  /home/pigo/Documents/Agent/finance-reports/finance-20260805-210210-review.md
   JSON: /home/pigo/Documents/Agent/finance-reports/finance-20260805-210210-review.json
   OK=30 SUSPECT=1 ERROR=1
   Criteria: 5/8 PASS, 3 FAIL, loop_write_allowed=False
     ✅ C1: 覆蓋率 31/31 — total=31/31 (ok=30, suspect=1, error=1)
     ✅ C2: 帶寬合規 (0 SUSPECT) — 0 ticker(s) out of band: []
     ❌ C3: Baseline 可比 — 7 missing: ['LITE', '2330', 'NVDA', 'TSM', 'PLTR', 'ORCL', '2454']
     ✅ C4: 產出檔案 — report_exists=True json_exists=True (this criterion is enforced by write_report.py, not here)
     ❌ C5: 異常告警 — findings count=12, alert note exists=False
     ❌ C6: 狀態更新 (LOOP-STATE) — 「當前市場線索」段含今天日期=False
     ✅ C7: Baseline 完備 — new_tickers count=0 (heuristic; LOOP-STATE updated today=False)
     ✅ C8: 錯誤率上限 (ERROR ≤ 2) — error_count=1 threshold=2
  ⚠️ Reviewer exited non-zero (continuing, will surface in verdict)
[3/4] Writing summary to vault 00-Inbox/...
Wrote /home/pigo/Documents/Pigo_Obsidian/00-Inbox/2026-08-05_finance-cron-summary.md (83 lines)
[4/4] Committing to vault...
[main a0e9c5ae] finance-cron: 2026-08-05 stock quotes (31 tickers, stock-sdk)
 1 file changed, 83 insertions(+)
 create mode 100644 00-Inbox/2026-08-05_finance-cron-summary.md
目前分支 main 是最新的。
To github.com:Pigowenhsiao/Pigo_Obsidian.git
   6e7d8432..a0e9c5ae  main -> main
  ✓ Pushed to vault
=== finance cron completed ===
