=== finance cron started 2026-08-04 21:02:11 UTC ===
watchlist: /home/pigo/Documents/Agent/finance-watchlist.json (31 tickers)
[1/4] Fetching quotes (US=stocksdk, TW=google)...
  [1/31] 2330:TPE (google) → TWD 2320.0
  [2/31] 2317:TPE (google) → TWD 250.0
  [3/31] 2303:TPE (google) → TWD 118.5
  [4/31] 2454:TPE (google) → TWD 3865.0
  [5/31] 2881:TPE (google) → TWD 128.5
  [6/31] 2882:TPE (google) → TWD 99.2
  [7/31] 2308:TPE (google) → TWD 1580.0
  [8/31] 2597:TPE (google) → TWD 160.5
  [9/31] 4104:TPE (google) → TWD 69.7
  [10/31] 2409:TPE (google) → TWD 24.45
  [11/31] 8131:TPE (google) → TWD 60.0
  [12/31] 2891:TPE (google) → TWD 64.8
  [13/31] 1303:TPE (google) → TWD 170.5
  [14/31] 2886:TPE (google) → TWD 51.6
  [15/31] 1723:TPE (google) → TWD 83.3
  [16/31] 2301:TPE (google) → TWD 252.0
  [17/31] 4533:TPE (google) → unavailable
  [18/31] 2002:TPE (google) → TWD 18.85
  [19/31] 2201:TPE (google) → TWD 27.2
  [20/31] AAPL:NASDAQ (stocksdk) → USD 309.38
  [21/31] MSFT:NASDAQ (stocksdk) → USD 492.81
  [22/31] GOOGL:NASDAQ (stocksdk) → USD 377.65
  [23/31] AMZN:NASDAQ (stocksdk) → USD 277.42
  [24/31] META:NASDAQ (stocksdk) → USD 587.94
  [25/31] NVDA:NASDAQ (stocksdk) → USD 211.94
  [26/31] TSLA:NASDAQ (stocksdk) → USD 327.35
  [27/31] NFLX:NASDAQ (stocksdk) → USD 73.57
  [28/31] ORCL:NYSE (stocksdk) → USD 145.74
  [29/31] PLTR:NYSE (stocksdk) → USD 162.66
  [30/31] TSM:NYSE (stocksdk) → USD 417.17
  [31/31] LITE:NASDAQ (stocksdk) → USD 849.47
  ✓ 30/31 quotes OK
[2/4] Running reviewer-finance (with K-line check)...
✅ Review verdict: FAIL (score=80)
   MD:  /home/pigo/Documents/Agent/finance-reports/finance-20260804-210211-review.md
   JSON: /home/pigo/Documents/Agent/finance-reports/finance-20260804-210211-review.json
   OK=30 SUSPECT=2 ERROR=1
   Criteria: 5/8 PASS, 3 FAIL, loop_write_allowed=False
     ✅ C1: 覆蓋率 31/31 — total=31/31 (ok=30, suspect=2, error=1)
     ✅ C2: 帶寬合規 (0 SUSPECT) — 0 ticker(s) out of band: []
     ❌ C3: Baseline 可比 — 7 missing: ['LITE', '2330', 'NVDA', 'TSM', 'PLTR', 'ORCL', '2454']
     ✅ C4: 產出檔案 — report_exists=True json_exists=True (this criterion is enforced by write_report.py, not here)
     ❌ C5: 異常告警 — findings count=11, alert note exists=False
     ❌ C6: 狀態更新 (LOOP-STATE) — 「當前市場線索」段含今天日期=False
     ✅ C7: Baseline 完備 — new_tickers count=0 (heuristic; LOOP-STATE updated today=False)
     ✅ C8: 錯誤率上限 (ERROR ≤ 2) — error_count=1 threshold=2
  ⚠️ Reviewer exited non-zero (continuing, will surface in verdict)
[3/4] Writing summary to vault 00-Inbox/...
Wrote /home/pigo/Documents/Pigo_Obsidian/00-Inbox/2026-08-04_finance-cron-summary.md (82 lines)
[4/4] Committing to vault...
[main ce6dab52] finance-cron: 2026-08-04 stock quotes (31 tickers, stock-sdk)
 1 file changed, 82 insertions(+)
 create mode 100644 00-Inbox/2026-08-04_finance-cron-summary.md
目前分支 main 是最新的。
To github.com:Pigowenhsiao/Pigo_Obsidian.git
   5645de7c..ce6dab52  main -> main
  ✓ Pushed to vault
=== finance cron completed ===
