=== finance cron started 2026-08-11 21:02:10 UTC ===
watchlist: /home/pigo/Documents/Agent/finance-watchlist.json (31 tickers)
[1/4] Fetching quotes (US=stocksdk, TW=google)...
  [1/31] 2330:TPE (google) → TWD 2395.0
  [2/31] 2317:TPE (google) → TWD 263.0
  [3/31] 2303:TPE (google) → TWD 123.0
  [4/31] 2454:TPE (google) → TWD 4020.0
  [5/31] 2881:TPE (google) → TWD 128.0
  [6/31] 2882:TPE (google) → TWD 99.6
  [7/31] 2308:TPE (google) → TWD 1805.0
  [8/31] 2597:TPE (google) → TWD 167.5
  [9/31] 4104:TPE (google) → TWD 71.5
  [10/31] 2409:TPE (google) → TWD 27.0
  [11/31] 8131:TPE (google) → TWD 63.2
  [12/31] 2891:TPE (google) → TWD 66.8
  [13/31] 1303:TPE (google) → TWD 190.0
  [14/31] 2886:TPE (google) → TWD 49.4
  [15/31] 1723:TPE (google) → TWD 85.2
  [16/31] 2301:TPE (google) → TWD 268.5
  [17/31] 4533:TPE (google) → TWD 104.6
  [18/31] 2002:TPE (google) → TWD 19.75
  [19/31] 2201:TPE (google) → TWD 27.75
  [20/31] AAPL:NASDAQ (stocksdk) → USD 304.91
  [21/31] MSFT:NASDAQ (stocksdk) → USD 503.81
  [22/31] GOOGL:NASDAQ (stocksdk) → USD 343.8
  [23/31] AMZN:NASDAQ (stocksdk) → USD 272.27
  [24/31] META:NASDAQ (stocksdk) → USD 599.12
  [25/31] NVDA:NASDAQ (stocksdk) → USD 217.5
  [26/31] TSLA:NASDAQ (stocksdk) → USD 332.81
  [27/31] NFLX:NASDAQ (stocksdk) → USD 74.79
  [28/31] ORCL:NYSE (stocksdk) → USD 145.48
  [29/31] PLTR:NYSE (stocksdk) → USD 174.94
  [30/31] TSM:NYSE (stocksdk) → USD 422.06
  [31/31] LITE:NASDAQ (stocksdk) → USD 820.59
  ✓ 31/31 quotes OK
[2/4] Running reviewer-finance (with K-line check)...
✅ Review verdict: FAIL (score=95)
   MD:  /home/pigo/Documents/Agent/finance-reports/finance-20260811-210210-review.md
   JSON: /home/pigo/Documents/Agent/finance-reports/finance-20260811-210210-review.json
   OK=31 SUSPECT=1 ERROR=0
   Criteria: 5/8 PASS, 3 FAIL, loop_write_allowed=False
     ✅ C1: 覆蓋率 31/31 — total=31/31 (ok=31, suspect=1, error=0)
     ✅ C2: 帶寬合規 (0 SUSPECT) — 0 ticker(s) out of band: []
     ❌ C3: Baseline 可比 — 7 missing: ['LITE', '2330', 'NVDA', 'TSM', 'PLTR', 'ORCL', '2454']
     ✅ C4: 產出檔案 — report_exists=True json_exists=True (this criterion is enforced by write_report.py, not here)
     ❌ C5: 異常告警 — findings count=9, alert note exists=False
     ❌ C6: 狀態更新 (LOOP-STATE) — 「當前市場線索」段含今天日期=False
     ✅ C7: Baseline 完備 — new_tickers count=0 (heuristic; LOOP-STATE updated today=False)
     ✅ C8: 錯誤率上限 (ERROR ≤ 2) — error_count=0 threshold=2
  ⚠️ Reviewer exited non-zero (continuing, will surface in verdict)
[3/4] Writing summary to vault 00-Inbox/...
Wrote /home/pigo/Documents/Pigo_Obsidian/00-Inbox/2026-08-11_finance-cron-summary.md (80 lines)
[4/4] Committing to vault...
[main 989ec9c59] finance-cron: 2026-08-11 stock quotes (31 tickers, stock-sdk)
 1 file changed, 80 insertions(+)
 create mode 100644 00-Inbox/2026-08-11_finance-cron-summary.md
目前分支 main 是最新的。
To github.com:Pigowenhsiao/Pigo_Obsidian.git
   fc27d606c..989ec9c59  main -> main
  ✓ Pushed to vault
=== finance cron completed ===
