=== finance cron started 2026-08-07 21:02:10 UTC ===
watchlist: /home/pigo/Documents/Agent/finance-watchlist.json (31 tickers)
[1/4] Fetching quotes (US=stocksdk, TW=google)...
  [1/31] 2330:TPE (google) → TWD 2370.0
  [2/31] 2317:TPE (google) → TWD 260.0
  [3/31] 2303:TPE (google) → TWD 116.0
  [4/31] 2454:TPE (google) → TWD 3900.0
  [5/31] 2881:TPE (google) → TWD 127.0
  [6/31] 2882:TPE (google) → TWD 99.4
  [7/31] 2308:TPE (google) → TWD 1650.0
  [8/31] 2597:TPE (google) → TWD 166.0
  [9/31] 4104:TPE (google) → TWD 70.4
  [10/31] 2409:TPE (google) → TWD 24.55
  [11/31] 8131:TPE (google) → TWD 62.7
  [12/31] 2891:TPE (google) → TWD 65.6
  [13/31] 1303:TPE (google) → TWD 188.0
  [14/31] 2886:TPE (google) → TWD 50.9
  [15/31] 1723:TPE (google) → TWD 84.8
  [16/31] 2301:TPE (google) → TWD 256.0
  [17/31] 4533:TPE (google) → unavailable
  [18/31] 2002:TPE (google) → TWD 19.05
  [19/31] 2201:TPE (google) → TWD 27.25
  [20/31] AAPL:NASDAQ (stocksdk) → USD 313.33
  [21/31] MSFT:NASDAQ (stocksdk) → USD 499.99
  [22/31] GOOGL:NASDAQ (stocksdk) → USD 354.3
  [23/31] AMZN:NASDAQ (stocksdk) → USD 274.48
  [24/31] META:NASDAQ (stocksdk) → USD 592.1
  [25/31] NVDA:NASDAQ (stocksdk) → USD 223.96
  [26/31] TSLA:NASDAQ (stocksdk) → USD 328.58
  [27/31] NFLX:NASDAQ (stocksdk) → USD 74.14
  [28/31] ORCL:NYSE (stocksdk) → USD 147.02
  [29/31] PLTR:NYSE (stocksdk) → USD 172.01
  [30/31] TSM:NYSE (stocksdk) → USD 420.04
  [31/31] LITE:NASDAQ (stocksdk) → USD 890.17
  ✓ 30/31 quotes OK
[2/4] Running reviewer-finance (with K-line check)...
✅ Review verdict: FAIL (score=80)
   MD:  /home/pigo/Documents/Agent/finance-reports/finance-20260807-210210-review.md
   JSON: /home/pigo/Documents/Agent/finance-reports/finance-20260807-210210-review.json
   OK=30 SUSPECT=2 ERROR=1
   Criteria: 5/8 PASS, 3 FAIL, loop_write_allowed=False
     ✅ C1: 覆蓋率 31/31 — total=31/31 (ok=30, suspect=2, error=1)
     ✅ C2: 帶寬合規 (0 SUSPECT) — 0 ticker(s) out of band: []
     ❌ C3: Baseline 可比 — 7 missing: ['LITE', '2330', 'NVDA', 'TSM', 'PLTR', 'ORCL', '2454']
     ✅ C4: 產出檔案 — report_exists=True json_exists=True (this criterion is enforced by write_report.py, not here)
     ❌ C5: 異常告警 — findings count=12, alert note exists=False
     ❌ C6: 狀態更新 (LOOP-STATE) — 「當前市場線索」段含今天日期=False
     ✅ C7: Baseline 完備 — new_tickers count=0 (heuristic; LOOP-STATE updated today=False)
     ✅ C8: 錯誤率上限 (ERROR ≤ 2) — error_count=1 threshold=2
  ⚠️ Reviewer exited non-zero (continuing, will surface in verdict)
[3/4] Writing summary to vault 00-Inbox/...
Wrote /home/pigo/Documents/Pigo_Obsidian/00-Inbox/2026-08-07_finance-cron-summary.md (83 lines)
[4/4] Committing to vault...
[main 1be927ae] finance-cron: 2026-08-07 stock quotes (31 tickers, stock-sdk)
 1 file changed, 83 insertions(+)
 create mode 100644 00-Inbox/2026-08-07_finance-cron-summary.md
目前分支 main 是最新的。
To github.com:Pigowenhsiao/Pigo_Obsidian.git
   48068afe..1be927ae  main -> main
  ✓ Pushed to vault
=== finance cron completed ===
