=== finance cron started 2026-07-10 06:31:12 UTC ===
watchlist: /tmp/test-watchlist.json (6 tickers)
[1/4] Fetching quotes (US=stocksdk, TW=google)...
  [1/6] 2330:TPE (google) → TWD 2415.0
  [2/6] 2317:TPE (google) → TWD 237.5
  [3/6] 2454:TPE (google) → TWD 3925.0
  [4/6] AAPL:NASDAQ (stocksdk) → USD 316.22
  [5/6] NVDA:NASDAQ (stocksdk) → USD 202.78
  [6/6] TSLA:NASDAQ (stocksdk) → USD 406.55
  ✓ 6/6 quotes OK
[2/4] Running reviewer-finance (with K-line check)...
✅ Review verdict: FAIL (score=100)
   MD:  /home/pigo/Documents/Agent/finance-reports/finance-20260710-063112-review.md
   JSON: /home/pigo/Documents/Agent/finance-reports/finance-20260710-063112-review.json
   OK=6 SUSPECT=0 ERROR=0
   Criteria: 4/8 PASS, 4 FAIL, loop_write_allowed=False
     ❌ C1: 覆蓋率 31/31 — total=6/31 (ok=6, suspect=0, error=0)
     ✅ C2: 帶寬合規 (0 SUSPECT) — 0 ticker(s) out of band: []
     ❌ C3: Baseline 可比 — 7 missing: ['LITE', '2330', 'NVDA', 'TSM', 'PLTR', 'ORCL', '2454']
     ✅ C4: 產出檔案 — report_exists=True json_exists=True (this criterion is enforced by write_report.py, not here)
     ❌ C5: 異常告警 — findings count=2, alert note exists=False
     ❌ C6: 狀態更新 (LOOP-STATE) — 「當前市場線索」段含今天日期=False
     ✅ C7: Baseline 完備 — new_tickers count=0 (heuristic; LOOP-STATE updated today=False)
     ✅ C8: 錯誤率上限 (ERROR ≤ 2) — error_count=0 threshold=2
  ⚠️ Reviewer exited non-zero (continuing, will surface in verdict)
[3/4] Writing summary to vault 00-Inbox/...
Wrote /home/pigo/Documents/Pigo_Obsidian/00-Inbox/2026-07-10_finance-cron-summary.md (48 lines)
[4/4] Committing to vault...
  [DRY-RUN] Skipping git commit
=== finance cron completed ===
