=== finance cron started 2026-08-17 21:02:11 UTC ===
watchlist: /home/pigo/Documents/Agent/finance-watchlist.json (31 tickers)
[1/4] Fetching quotes (US=stocksdk, TW=google)...
  [1/31] 2330:TPE (google) → TWD 2400.0
  [2/31] 2317:TPE (google) → TWD 255.0
  [3/31] 2303:TPE (google) → TWD 121.5
  [4/31] 2454:TPE (google) → TWD 4050.0
  [5/31] 2881:TPE (google) → TWD 125.5
  [6/31] 2882:TPE (google) → TWD 98.1
  [7/31] 2308:TPE (google) → TWD 1885.0
  [8/31] 2597:TPE (google) → TWD 168.0
  [9/31] 4104:TPE (google) → TWD 71.8
  [10/31] 2409:TPE (google) → TWD 27.25
  [11/31] 8131:TPE (google) → TWD 64.0
  [12/31] 2891:TPE (google) → TWD 65.6
  [13/31] 1303:TPE (google) → TWD 207.5
  [14/31] 2886:TPE (google) → TWD 46.6
  [15/31] 1723:TPE (google) → TWD 87.1
  [16/31] 2301:TPE (google) → TWD 267.0
  [17/31] 4533:TPE (google) → TWD 106.45
  [18/31] 2002:TPE (google) → TWD 18.85
  [19/31] 2201:TPE (google) → TWD 28.75
  [20/31] AAPL:NASDAQ (stocksdk) → USD 305.59
  [21/31] MSFT:NASDAQ (stocksdk) → USD 480.35
  [22/31] GOOGL:NASDAQ (stocksdk) → USD 344
  [23/31] AMZN:NASDAQ (stocksdk) → USD 261.31
  [24/31] META:NASDAQ (stocksdk) → USD 568.97
  [25/31] NVDA:NASDAQ (stocksdk) → USD 225.01
  [26/31] TSLA:NASDAQ (stocksdk) → USD 339.3
  [27/31] NFLX:NASDAQ (stocksdk) → USD 76.02
  [28/31] ORCL:NYSE (stocksdk) → USD 146.65
  [29/31] PLTR:NYSE (stocksdk) → USD 172.55
  [30/31] TSM:NYSE (stocksdk) → USD 430.97
  [31/31] LITE:NASDAQ (stocksdk) → USD 968.9
  ✓ 31/31 quotes OK
[2/4] Running reviewer-finance (with K-line check)...
✅ Review verdict: FAIL (score=90)
   MD:  /home/pigo/Documents/Agent/finance-reports/finance-20260817-210211-review.md
   JSON: /home/pigo/Documents/Agent/finance-reports/finance-20260817-210211-review.json
   OK=31 SUSPECT=2 ERROR=0
   Criteria: 4/8 PASS, 4 FAIL, loop_write_allowed=False
     ✅ C1: 覆蓋率 31/31 — total=31/31 (ok=31, suspect=2, error=0)
     ❌ C2: 帶寬合規 (0 SUSPECT) — 1 ticker(s) out of band: ['1303']
     ❌ C3: Baseline 可比 — 7 missing: ['LITE', '2330', 'NVDA', 'TSM', 'PLTR', 'ORCL', '2454']
     ✅ C4: 產出檔案 — report_exists=True json_exists=True (this criterion is enforced by write_report.py, not here)
     ❌ C5: 異常告警 — findings count=11, alert note exists=False
     ❌ C6: 狀態更新 (LOOP-STATE) — 「當前市場線索」段含今天日期=False
     ✅ C7: Baseline 完備 — new_tickers count=0 (heuristic; LOOP-STATE updated today=False)
     ✅ C8: 錯誤率上限 (ERROR ≤ 2) — error_count=0 threshold=2
  ⚠️ Reviewer exited non-zero (continuing, will surface in verdict)
[3/4] Writing summary to vault 00-Inbox/...
Wrote /home/pigo/Documents/Pigo_Obsidian/00-Inbox/2026-08-17_finance-cron-summary.md (82 lines)
[4/4] Committing to vault...
[main ce47a5730] finance-cron: 2026-08-17 stock quotes (31 tickers, stock-sdk)
 1 file changed, 82 insertions(+)
 create mode 100644 00-Inbox/2026-08-17_finance-cron-summary.md
From github.com:Pigowenhsiao/Pigo_Obsidian
   d0c8f00c1..7af6479dd  main       -> origin/main
Rebasing (1/1)[KSuccessfully rebased and updated refs/heads/main.
To github.com:Pigowenhsiao/Pigo_Obsidian.git
   7af6479dd..8c4b7f192  main -> main
  ✓ Pushed to vault
=== finance cron completed ===
