=== finance cron started 2026-07-31 21:05:12 UTC ===
watchlist: /home/pigo/Documents/Agent/finance-watchlist.json (31 tickers)
[1/4] Fetching quotes (US=stocksdk, TW=google)...
  [1/31] 2330:TPE (google) → TWD 2425.0
  [2/31] 2317:TPE (google) → TWD 250.5
  [3/31] 2303:TPE (google) → TWD 121.0
  [4/31] 2454:TPE (google) → TWD 3555.0
  [5/31] 2881:TPE (google) → TWD 130.0
  [6/31] 2882:TPE (google) → TWD 101.5
  [7/31] 2308:TPE (google) → TWD 1640.0
  [8/31] 2597:TPE (google) → TWD 163.5
  [9/31] 4104:TPE (google) → TWD 70.8
  [10/31] 2409:TPE (google) → TWD 24.2
  [11/31] 8131:TPE (google) → TWD 56.2
  [12/31] 2891:TPE (google) → TWD 64.9
  [13/31] 1303:TPE (google) → TWD 159.5
  [14/31] 2886:TPE (google) → TWD 53.1
  [15/31] 1723:TPE (google) → TWD 84.2
  [16/31] 2301:TPE (google) → TWD 209.0
  [17/31] 4533:TPE (google) → TWD 102.85
  [18/31] 2002:TPE (google) → TWD 18.95
  [19/31] 2201:TPE (google) → TWD 28.0
  [20/31] AAPL:NASDAQ (stocksdk) → USD 308.91
  [21/31] MSFT:NASDAQ (stocksdk) → USD 464.72
  [22/31] GOOGL:NASDAQ (stocksdk) → USD 356.13
  [23/31] AMZN:NASDAQ (stocksdk) → USD 271.58
  [24/31] META:NASDAQ (stocksdk) → USD 556.71
  [25/31] NVDA:NASDAQ (stocksdk) → USD 200.75
  [26/31] TSLA:NASDAQ (stocksdk) → USD 311.21
  [27/31] NFLX:NASDAQ (stocksdk) → USD 71.71
  [28/31] ORCL:NYSE (stocksdk) → USD 129.87
  [29/31] PLTR:NYSE (stocksdk) → USD 123.06
  [30/31] TSM:NYSE (stocksdk) → USD 404.25
  [31/31] LITE:NASDAQ (stocksdk) → USD 713.94
  ✓ 31/31 quotes OK
[2/4] Running reviewer-finance (with K-line check)...
✅ Review verdict: FAIL (score=100)
   MD:  /home/pigo/Documents/Agent/finance-reports/finance-20260731-210512-review.md
   JSON: /home/pigo/Documents/Agent/finance-reports/finance-20260731-210512-review.json
   OK=31 SUSPECT=0 ERROR=0
   Criteria: 5/8 PASS, 3 FAIL, loop_write_allowed=False
     ✅ C1: 覆蓋率 31/31 — total=31/31 (ok=31, suspect=0, error=0)
     ✅ C2: 帶寬合規 (0 SUSPECT) — 0 ticker(s) out of band: []
     ❌ C3: Baseline 可比 — 7 missing: ['LITE', '2330', 'NVDA', 'TSM', 'PLTR', 'ORCL', '2454']
     ✅ C4: 產出檔案 — report_exists=True json_exists=True (this criterion is enforced by write_report.py, not here)
     ❌ C5: 異常告警 — findings count=8, alert note exists=False
     ❌ C6: 狀態更新 (LOOP-STATE) — 「當前市場線索」段含今天日期=False
     ✅ C7: Baseline 完備 — new_tickers count=0 (heuristic; LOOP-STATE updated today=False)
     ✅ C8: 錯誤率上限 (ERROR ≤ 2) — error_count=0 threshold=2
  ⚠️ Reviewer exited non-zero (continuing, will surface in verdict)
[3/4] Writing summary to vault 00-Inbox/...
Wrote /home/pigo/Documents/Pigo_Obsidian/00-Inbox/2026-07-31_finance-cron-summary.md (79 lines)
[4/4] Committing to vault...
[main fb52a3ab] finance-cron: 2026-07-31 stock quotes (31 tickers, stock-sdk)
 1 file changed, 2 insertions(+), 2 deletions(-)
Current branch main is up to date.
To github.com:Pigowenhsiao/Pigo_Obsidian.git
   351d8221..fb52a3ab  main -> main
  ✓ Pushed to vault
=== finance cron completed ===
