=== finance cron started 2026-07-14 21:01:11 UTC ===
watchlist: /home/pigo/Documents/Agent/finance-watchlist.json (31 tickers)
[1/4] Fetching quotes (US=stocksdk, TW=google)...
  [1/31] 2330:TPE (google) → TWD 2420.0
  [2/31] 2317:TPE (google) → TWD 235.5
  [3/31] 2303:TPE (google) → TWD 151.0
  [4/31] 2454:TPE (google) → TWD 3660.0
  [5/31] 2881:TPE (google) → TWD 125.0
  [6/31] 2882:TPE (google) → TWD 96.1
  [7/31] 2308:TPE (google) → TWD 1855.0
  [8/31] 2597:TPE (google) → TWD 163.5
  [9/31] 4104:TPE (google) → TWD 71.3
  [10/31] 2409:TPE (google) → TWD 27.55
  [11/31] 8131:TPE (google) → TWD 74.9
  [12/31] 2891:TPE (google) → TWD 65.0
  [13/31] 1303:TPE (google) → TWD 210.0
  [14/31] 2886:TPE (google) → TWD 47.0
  [15/31] 1723:TPE (google) → TWD 85.4
  [16/31] 2301:TPE (google) → TWD 212.5
  [17/31] 4533:TPE (google) → unavailable
  [18/31] 2002:TPE (google) → TWD 18.5
  [19/31] 2201:TPE (google) → TWD 27.85
  [20/31] AAPL:NASDAQ (stocksdk) → USD 314.86
  [21/31] MSFT:NASDAQ (stocksdk) → USD 384.93
  [22/31] GOOGL:NASDAQ (stocksdk) → USD 359.51
  [23/31] AMZN:NASDAQ (stocksdk) → USD 247.49
  [24/31] META:NASDAQ (stocksdk) → USD 661.04
  [25/31] NVDA:NASDAQ (stocksdk) → USD 211.8
  [26/31] TSLA:NASDAQ (stocksdk) → USD 396.18
  [27/31] NFLX:NASDAQ (stocksdk) → USD 73.53
  [28/31] ORCL:NYSE (stocksdk) → USD 127.94
  [29/31] PLTR:NYSE (stocksdk) → USD 133.72
  [30/31] TSM:NYSE (stocksdk) → USD 420.39
  [31/31] LITE:NASDAQ (stocksdk) → USD 814.8
  ✓ 30/31 quotes OK
[2/4] Running reviewer-finance (with K-line check)...
✅ Review verdict: FAIL (score=85)
   MD:  /home/pigo/Documents/Agent/finance-reports/finance-20260714-210111-review.md
   JSON: /home/pigo/Documents/Agent/finance-reports/finance-20260714-210111-review.json
   OK=30 SUSPECT=1 ERROR=1
   Criteria: 4/8 PASS, 4 FAIL, loop_write_allowed=False
     ✅ C1: 覆蓋率 31/31 — total=31/31 (ok=30, suspect=1, error=1)
     ❌ C2: 帶寬合規 (0 SUSPECT) — 1 ticker(s) out of band: ['1303']
     ❌ C3: Baseline 可比 — 7 missing: ['LITE', '2330', 'NVDA', 'TSM', 'PLTR', 'ORCL', '2454']
     ✅ C4: 產出檔案 — report_exists=True json_exists=True (this criterion is enforced by write_report.py, not here)
     ❌ C5: 異常告警 — findings count=9, alert note exists=False
     ❌ C6: 狀態更新 (LOOP-STATE) — 「當前市場線索」段含今天日期=False
     ✅ C7: Baseline 完備 — new_tickers count=0 (heuristic; LOOP-STATE updated today=False)
     ✅ C8: 錯誤率上限 (ERROR ≤ 2) — error_count=1 threshold=2
  ⚠️ Reviewer exited non-zero (continuing, will surface in verdict)
[3/4] Writing summary to vault 00-Inbox/...
Wrote /home/pigo/Documents/Pigo_Obsidian/00-Inbox/2026-07-14_finance-cron-summary.md (80 lines)
[4/4] Committing to vault...
[main 41b884b8] finance-cron: 2026-07-14 stock quotes (31 tickers, stock-sdk)
 1 file changed, 80 insertions(+)
 create mode 100644 00-Inbox/2026-07-14_finance-cron-summary.md
Current branch main is up to date.
To github.com:Pigowenhsiao/Pigo_Obsidian.git
   4e8e15f7..41b884b8  main -> main
  ✓ Pushed to vault
=== finance cron completed ===
