=== finance cron started 2026-08-10 21:02:10 UTC ===
watchlist: /home/pigo/Documents/Agent/finance-watchlist.json (31 tickers)
[1/4] Fetching quotes (US=stocksdk, TW=google)...
  [1/31] 2330:TPE (google) → TWD 2380.0
  [2/31] 2317:TPE (google) → TWD 264.5
  [3/31] 2303:TPE (google) → TWD 123.0
  [4/31] 2454:TPE (google) → TWD 3960.0
  [5/31] 2881:TPE (google) → TWD 128.5
  [6/31] 2882:TPE (google) → TWD 101.0
  [7/31] 2308:TPE (google) → TWD 1650.0
  [8/31] 2597:TPE (google) → TWD 168.0
  [9/31] 4104:TPE (google) → TWD 71.2
  [10/31] 2409:TPE (google) → TWD 24.55
  [11/31] 8131:TPE (google) → TWD 64.6
  [12/31] 2891:TPE (google) → TWD 66.5
  [13/31] 1303:TPE (google) → TWD 185.0
  [14/31] 2886:TPE (google) → TWD 51.0
  [15/31] 1723:TPE (google) → TWD 86.3
  [16/31] 2301:TPE (google) → TWD 256.5
  [17/31] 4533:TPE (google) → TWD 104.25
  [18/31] 2002:TPE (google) → TWD 19.65
  [19/31] 2201:TPE (google) → TWD 27.25
  [20/31] AAPL:NASDAQ (stocksdk) → USD 308.26
  [21/31] MSFT:NASDAQ (stocksdk) → USD 506.06
  [22/31] GOOGL:NASDAQ (stocksdk) → USD 357.52
  [23/31] AMZN:NASDAQ (stocksdk) → USD 278.09
  [24/31] META:NASDAQ (stocksdk) → USD 594.92
  [25/31] NVDA:NASDAQ (stocksdk) → USD 217.55
  [26/31] TSLA:NASDAQ (stocksdk) → USD 330.88
  [27/31] NFLX:NASDAQ (stocksdk) → USD 76.29
  [28/31] ORCL:NYSE (stocksdk) → USD 151.05
  [29/31] PLTR:NYSE (stocksdk) → USD 175.23
  [30/31] TSM:NYSE (stocksdk) → USD 418.47
  [31/31] LITE:NASDAQ (stocksdk) → USD 813.51
  ✓ 31/31 quotes OK
[2/4] Running reviewer-finance (with K-line check)...
✅ Review verdict: FAIL (score=95)
   MD:  /home/pigo/Documents/Agent/finance-reports/finance-20260810-210210-review.md
   JSON: /home/pigo/Documents/Agent/finance-reports/finance-20260810-210210-review.json
   OK=31 SUSPECT=1 ERROR=0
   Criteria: 5/8 PASS, 3 FAIL, loop_write_allowed=False
     ✅ C1: 覆蓋率 31/31 — total=31/31 (ok=31, suspect=1, error=0)
     ✅ C2: 帶寬合規 (0 SUSPECT) — 0 ticker(s) out of band: []
     ❌ C3: Baseline 可比 — 7 missing: ['LITE', '2330', 'NVDA', 'TSM', 'PLTR', 'ORCL', '2454']
     ✅ C4: 產出檔案 — report_exists=True json_exists=True (this criterion is enforced by write_report.py, not here)
     ❌ C5: 異常告警 — findings count=10, alert note exists=False
     ❌ C6: 狀態更新 (LOOP-STATE) — 「當前市場線索」段含今天日期=False
     ✅ C7: Baseline 完備 — new_tickers count=0 (heuristic; LOOP-STATE updated today=False)
     ✅ C8: 錯誤率上限 (ERROR ≤ 2) — error_count=0 threshold=2
  ⚠️ Reviewer exited non-zero (continuing, will surface in verdict)
[3/4] Writing summary to vault 00-Inbox/...
Wrote /home/pigo/Documents/Pigo_Obsidian/00-Inbox/2026-08-10_finance-cron-summary.md (81 lines)
[4/4] Committing to vault...
[main 6fbccaa3] finance-cron: 2026-08-10 stock quotes (31 tickers, stock-sdk)
 1 file changed, 81 insertions(+)
 create mode 100644 00-Inbox/2026-08-10_finance-cron-summary.md
來自 github.com:Pigowenhsiao/Pigo_Obsidian
   fde7f228..0a9a30f7  main       -> origin/main
 + 1e91e0f2...bd7e5db5 chore/current-vault-updates -> origin/chore/current-vault-updates  (強制更新)
 + d64c6a32...365f92cc chore/rebuild-graph-engineering -> origin/chore/rebuild-graph-engineering  (強制更新)
 + 2435a5c9...01af95b2 chore/vault-graph-engineering-repair -> origin/chore/vault-graph-engineering-repair  (強制更新)
 + 4b3348d7...544bb0d9 feat/x-note-20260809-40-notes-batch -> origin/feat/x-note-20260809-40-notes-batch  (強制更新)
正在重定基底 (1/1)                                                                                成功重定基底並更新 refs/heads/main。
To github.com:Pigowenhsiao/Pigo_Obsidian.git
   0a9a30f7..51db4fd1  main -> main
  ✓ Pushed to vault
=== finance cron completed ===
