=== finance cron started 2026-08-13 21:02:09 UTC ===
watchlist: /home/pigo/Documents/Agent/finance-watchlist.json (31 tickers)
[1/4] Fetching quotes (US=stocksdk, TW=google)...
  [1/31] 2330:TPE (google) → TWD 2435.0
  [2/31] 2317:TPE (google) → TWD 262.0
  [3/31] 2303:TPE (google) → TWD 124.5
  [4/31] 2454:TPE (google) → TWD 4225.0
  [5/31] 2881:TPE (google) → TWD 128.5
  [6/31] 2882:TPE (google) → TWD 99.5
  [7/31] 2308:TPE (google) → TWD 1885.0
  [8/31] 2597:TPE (google) → TWD 169.0
  [9/31] 4104:TPE (google) → TWD 71.3
  [10/31] 2409:TPE (google) → TWD 25.75
  [11/31] 8131:TPE (google) → TWD 66.0
  [12/31] 2891:TPE (google) → TWD 66.5
  [13/31] 1303:TPE (google) → TWD 189.0
  [14/31] 2886:TPE (google) → TWD 45.85
  [15/31] 1723:TPE (google) → TWD 83.6
  [16/31] 2301:TPE (google) → TWD 269.5
  [17/31] 4533:TPE (google) → TWD 106.7
  [18/31] 2002:TPE (google) → TWD 19.2
  [19/31] 2201:TPE (google) → TWD 28.7
  [20/31] AAPL:NASDAQ (stocksdk) → USD 305.26
  [21/31] MSFT:NASDAQ (stocksdk) → USD 496.88
  [22/31] GOOGL:NASDAQ (stocksdk) → USD 346.36
  [23/31] AMZN:NASDAQ (stocksdk) → USD 265.13
  [24/31] META:NASDAQ (stocksdk) → USD 594.97
  [25/31] NVDA:NASDAQ (stocksdk) → USD 225.3
  [26/31] TSLA:NASDAQ (stocksdk) → USD 339.96
  [27/31] NFLX:NASDAQ (stocksdk) → USD 78.24
  [28/31] ORCL:NYSE (stocksdk) → USD 156.22
  [29/31] PLTR:NYSE (stocksdk) → USD 179.01
  [30/31] TSM:NYSE (stocksdk) → USD 430.49
  [31/31] LITE:NASDAQ (stocksdk) → USD 880.41
  ✓ 31/31 quotes OK
[2/4] Running reviewer-finance (with K-line check)...
✅ Review verdict: FAIL (score=100)
   MD:  /home/pigo/Documents/Agent/finance-reports/finance-20260813-210209-review.md
   JSON: /home/pigo/Documents/Agent/finance-reports/finance-20260813-210209-review.json
   OK=31 SUSPECT=0 ERROR=0
   Criteria: 5/8 PASS, 3 FAIL, loop_write_allowed=False
     ✅ C1: 覆蓋率 31/31 — total=31/31 (ok=31, suspect=0, error=0)
     ✅ C2: 帶寬合規 (0 SUSPECT) — 0 ticker(s) out of band: []
     ❌ C3: Baseline 可比 — 7 missing: ['LITE', '2330', 'NVDA', 'TSM', 'PLTR', 'ORCL', '2454']
     ✅ C4: 產出檔案 — report_exists=True json_exists=True (this criterion is enforced by write_report.py, not here)
     ❌ C5: 異常告警 — findings count=9, alert note exists=False
     ❌ C6: 狀態更新 (LOOP-STATE) — 「當前市場線索」段含今天日期=False
     ✅ C7: Baseline 完備 — new_tickers count=0 (heuristic; LOOP-STATE updated today=False)
     ✅ C8: 錯誤率上限 (ERROR ≤ 2) — error_count=0 threshold=2
  ⚠️ Reviewer exited non-zero (continuing, will surface in verdict)
[3/4] Writing summary to vault 00-Inbox/...
Wrote /home/pigo/Documents/Pigo_Obsidian/00-Inbox/2026-08-13_finance-cron-summary.md (80 lines)
[4/4] Committing to vault...
[main 3c429df65] finance-cron: 2026-08-13 stock quotes (31 tickers, stock-sdk)
 1 file changed, 80 insertions(+)
 create mode 100644 00-Inbox/2026-08-13_finance-cron-summary.md
From github.com:Pigowenhsiao/Pigo_Obsidian
   5d34f64c0..a0126da27  main       -> origin/main
Rebasing (1/1)[KSuccessfully rebased and updated refs/heads/main.
To github.com:Pigowenhsiao/Pigo_Obsidian.git
   a0126da27..16652e244  main -> main
  ✓ Pushed to vault
=== finance cron completed ===
