=== finance cron started 2026-07-11 01:25:50 UTC ===
watchlist: /home/pigo/Documents/Agent/finance-watchlist.json (31 tickers)
[1/4] Fetching quotes (US=stocksdk, TW=google)...
  [1/31] 2330:TPE (google) → TWD 2415.0
node:events:487
      throw er; // Unhandled 'error' event
      ^

Error: write EPIPE
    at afterWriteDispatched (node:internal/stream_base_commons:159:15)
    at writeGeneric (node:internal/stream_base_commons:150:3)
    at Socket._writeGeneric (node:net:1025:11)
    at Socket._write (node:net:1037:8)
    at writeOrBuffer (node:internal/streams/writable:570:12)
    at _write (node:internal/streams/writable:499:10)
    at Writable.write (node:internal/streams/writable:508:10)
    at PipeTransport.send (/home/pigo/.local/lib/python3.12/site-packages/playwright/driver/package/lib/coreBundle.js:33552:25)
    at dispatcherConnection.onmessage (/home/pigo/.local/lib/python3.12/site-packages/playwright/driver/package/lib/coreBundle.js:64282:59)
    at DispatcherConnection.sendDispose (/home/pigo/.local/lib/python3.12/site-packages/playwright/driver/package/lib/coreBundle.js:24115:14)
Emitted 'error' event on Socket instance at:
    at emitErrorNT (node:internal/streams/destroy:170:8)
    at emitErrorCloseNT (node:internal/streams/destroy:129:3)
    at process.processTicksAndRejections (node:internal/process/task_queues:90:21) {
  errno: -32,
  code: 'EPIPE',
  syscall: 'write'
}

Node.js v24.15.0
